// Jest Snapshot v1, https://goo.gl/fbAQLP

exports[`<HeaderMenu /> renders without exploding 1`] = `
<header>
  <div
    className="HeaderFooter__Container"
  >
    <button
      className="HeaderFooter__OpenHamburgerMenu"
      onClick={[Function]}
    >
      <i
        className="material-icons"
      >
        menu
      </i>
    </button>
    <div
      className="HeaderMenu__HiddenBrand"
      id="brand"
    >
      <a
        aria-current="page"
        className="active"
        href="/"
        onClick={[Function]}
        style={Object {}}
        title="Hô₥è"
      >
        Çè₥ƥřèƨ
        <span
          style={
            Object {
              "color": "red",
            }
          }
        >
            [DEV]
        </span>
      </a>
      <div
        className="HeaderMenu__Subtitle"
      >
        ÇôřôñáƲïřúƨ É₥ƥℓô¥èř Rèƨƥôñƨè Třáçƙèř
      </div>
    </div>
    <div
      className="HeaderMenu__SubmenuContainer HeaderMenu__SubmenuContainer--Closed"
      onMouseEnter={[Function]}
      onMouseLeave={[Function]}
    >
      <a
        aria-current={null}
        className="HeaderMenu__Link HeaderMenu__Link--HasSubmenu"
        href="/employers"
        onClick={[Function]}
      >
        É₥ƥℓô¥èřƨ
      </a>
      <ul
        className="HeaderMenu__Submenu"
      >
        <li>
          <a
            aria-current={null}
            className="HeaderMenu__Link"
            href="/employers"
            onClick={[Function]}
          >
            Âℓℓ
          </a>
        </li>
        <li>
          <a
            aria-current={null}
            className="HeaderMenu__Link"
            href="/employers/ranking"
            onClick={[Function]}
          >
            ßèƨƭ & ωôřƨƭ
          </a>
        </li>
        <li>
          <a
            aria-current={null}
            className="HeaderMenu__Link"
            href="/employers/recent"
            onClick={[Function]}
          >
            Nèω
          </a>
        </li>
      </ul>
    </div>
    <a
      aria-current={null}
      className="HeaderMenu__Link"
      href="/about"
      onClick={[Function]}
    >
      FÂQƨ
    </a>
    <a
      aria-current={null}
      className="HeaderMenu__Link"
      href="/submit"
      onClick={[Function]}
    >
      §úβ₥ïƭ
    </a>
  </div>
</header>
`;
