// Jest Snapshot v1, https://goo.gl/fbAQLP

exports[`<HeaderMenu /> renders without exploding 1`] = `
<header>
  <div
    className="HeaderFooter__Container"
  >
    <button
      className="HeaderFooter__OpenHamburgerMenu"
      onClick={[Function]}
    >
      <i
        className="material-icons"
      >
        menu
      </i>
    </button>
    <div
      className="HeaderMenu__HiddenBrand"
      id="brand"
    >
      <a
        aria-current="page"
        className="active"
        href="/"
        onClick={[Function]}
        style={Object {}}
        title="λô₥è"
      >
        áƥƥ
        <span
          style={
            Object {
              "color": "red",
            }
          }
        >
            [DEV]
        </span>
      </a>
      <div
        className="HeaderMenu__Subtitle"
      >
        áƥƥTïƭℓè
      </div>
    </div>
    <a
      aria-current={null}
      className="HeaderMenu__Link"
      href="/employers"
      onClick={[Function]}
    />
    <a
      aria-current={null}
      className="HeaderMenu__Link"
      href="/about"
      onClick={[Function]}
    >
      áβôúƭ
    </a>
    <a
      className="HeaderMenu__Link"
      href="https://github.com/ekumlin/covid-employer-response/issues/new/choose"
      onClick={[Function]}
      rel="noopener noreferrer"
      target="_blank"
    />
  </div>
</header>
`;
