// Jest Snapshot v1, https://goo.gl/fbAQLP

exports[`<EmployerCitationList /> renders without exploding 1`] = `
<div>
  <h3
    className="EmployerCitationList__Header"
    title="publication desc value"
  >
    publication value
  </h3>
  <ul
    className="EmployerCitationList__Citations"
  >
    <li>
      [component: EmployerCitation citation=([object Object]) citationSourceBase=(0) /]
    </li>
  </ul>
</div>
`;
