// Jest Snapshot v1, https://goo.gl/fbAQLP

exports[`<EmployerList /> renders empty list of employers 1`] = `
<div
  className="EmployerList__Container--NoResults"
>
  ñôRèƨúℓƭƨ
</div>
`;

exports[`<EmployerList /> renders list of employers 1`] = `
<div
  className="EmployerList__Container"
>
  <div
    className="EmployerList__Grid"
  >
    <div
      className="EmployerList__Item"
    >
      [component: EmployerListItem employerId=(e2) showDetails=(true) /]
    </div>
    <div
      className="EmployerList__Item"
    >
      [component: EmployerListItem employerId=(e3) showDetails=(true) /]
    </div>
  </div>
  <div
    className="EmployerList__Pages"
  >
    <button
      className="App__BigButton"
      disabled={true}
      onClick={[Function]}
    >
      «
    </button>
    <button
      className="App__BigButton"
      disabled={true}
      onClick={[Function]}
    >
      ‹
    </button>
    <span
      className="EmployerList__PageNumber"
    >
      1
       / 
      1
    </span>
    <button
      className="App__BigButton"
      disabled={true}
      onClick={[Function]}
    >
      ›
    </button>
    <button
      className="App__BigButton"
      disabled={true}
      onClick={[Function]}
    >
      »
    </button>
  </div>
</div>
`;

exports[`<EmployerList /> renders without exploding 1`] = `"[component: LoadingIndicator /]"`;
