// Jest Snapshot v1, https://goo.gl/fbAQLP

exports[`<SubmitPage /> renders without exploding 1`] = `
<main
  id="submit"
>
  <div
    className="SubmitPage__Container"
  >
    <div
      className="SubmitPage__Content"
    >
      <h1>
        §úβ₥ïƭƭïñϱ ñèω ïñƒôř₥áƭïôñ
      </h1>
      [component: ReactMarkdown source=(**ÇôřôñáƲïřúƨ É₥ƥℓô¥èř Rèƨƥôñƨè Třáçƙèř** ïƨ çô₥ƥℓèƭèℓ¥ ôƥèñ-δáƭá áñδ ôƥèñ-ƨôúřçè. Wè ωôúℓδ ℓôƲè ƭô áççèƥƭ ¥ôúř ñèω è₥ƥℓô¥èř èñƭřïèƨ, ñèω δèƭáïℓƨ ôř çℓáï₥ƨ, ôř ¥ôúř çôδè çλáñϱèƨ. HáƲè á ℓôôƙ áƭ ƭλè ôƥƭïôñƨ βèℓôω ƭô ƨèè λôω ¥ôú çáñ λèℓƥ ƨλáƥè ôúř ƒúƭúřè!) /]
      <section
        className="SubmitPage__Options"
      >
        <a
          className="SubmitPage__Option SubmitPage__Option--DataForm"
          href="https://forms.gle/EEcp88X6sf1ocfuH8"
          rel="noopener noreferrer"
          target="_blank"
        >
          <h2>
            §úβ₥ïƭ δáƭá Ʋïá ƒôř₥
          </h2>
          [component: ReactMarkdown source=(Tλè èáƨïèƨƭ ωá¥ ƭô ƨúβ₥ïƭ ñèω è₥ƥℓô¥èřƨ ôř èδïƭ èжïƨƭïñϱ ôñèƨ ïƨ ƭλřôúϱλ ôúř **ôñℓïñè Gôôϱℓè ƒôř₥**. Júƨƭ ƒïℓℓ ôúƭ á ƒèω ƒïèℓδƨ áñδ ωè'ℓℓ ₥áƙè ƭλè çλáñϱèƨ βèλïñδ ƭλè ƨçèñèƨ.) /]
          <div
            className="SubmitPage__OptionIcon"
          >
            <img
              src="/images/google-forms.svg"
            />
          </div>
        </a>
        <div
          className="SubmitPage__Spacer"
        />
        <a
          className="SubmitPage__Option SubmitPage__Option--DataGitHub"
          href="https://github.com/ekumlin/covid-employer-response/issues/new/choose"
          rel="noopener noreferrer"
          target="_blank"
        >
          <h2>
            §úβ₥ïƭ δáƭá Ʋïá GïƭHúβ
          </h2>
          [component: ReactMarkdown source=(Âñôƭλèř ωá¥ ƭô áδδ ôř úƥδáƭè è₥ƥℓô¥èřƨ ïƨ ƭλřôúϱλ ôúř **GïƭHúβ ïƨƨúèƨ ƥáϱè**. Júƨƭ ôƥèñ áñ ïƨƨúè ôř ₥áƙè ƭλè çλáñϱè ¥ôúřƨèℓƒ áñδ ƨƭářƭ á ƥúℓℓ řè9úèƨƭ.) /]
          <div
            className="SubmitPage__OptionIcon"
          >
            <img
              src="/images/github.svg"
            />
          </div>
        </a>
        <div
          className="SubmitPage__Spacer"
        />
        <a
          className="SubmitPage__Option SubmitPage__Option--CodeGitHub"
          href="https://github.com/ekumlin/covid-employer-response"
          rel="noopener noreferrer"
          target="_blank"
        >
          <h2>
            §úβ₥ïƭ çôδè Ʋïá GïƭHúβ
          </h2>
          [component: ReactMarkdown source=(Wè'δ ℓôƲè ƭô ƨèè ¥ôúř ïδèáƨ ôñ λôω ƭô ƨλáƥè ƭλïƨ ωèβƨïƭè. Júƨƭ ƒôřƙ **ôúř GïƭHúβ řèƥôƨïƭôř¥** áñδ ƨƭářƭ á ƥúℓℓ řè9úèƨƭ ƭô ƨúβ₥ïƭ ¥ôúř çôδè çλáñϱèƨ.) /]
          <div
            className="SubmitPage__OptionIcon"
          >
            <img
              src="/images/github.svg"
            />
          </div>
        </a>
      </section>
    </div>
  </div>
</main>
`;
