// Jest Snapshot v1, https://goo.gl/fbAQLP

exports[`<InternationalTypeFilterControl /> renders without exploding 1`] = `
<div
  className="EmployerListFilterControl__Container"
>
  <button
    className="EmployerListFilterControl__Button"
    onClick={[Function]}
  >
    <div>
      ℓôçáƭïôñÐèƒáúℓƭ
    </div>
  </button>
</div>
`;
