// Jest Snapshot v1, https://goo.gl/fbAQLP

exports[`<InternationalTypeFilterControl /> renders without exploding 1`] = `
<div
  className="EmployerListSearchFilters__Container"
>
  <button
    className="EmployerListSearchFilters__Button"
    onClick={[Function]}
  >
    <div>
      locationDefault string
    </div>
  </button>
</div>
`;
