// Jest Snapshot v1, https://goo.gl/fbAQLP

exports[`<InternationalTypeFilterControl /> renders without exploding 1`] = `"[component: EmployerListFilterControl getDisplayText=([Function]) isActive=(undefined) onClear=([Function]) popupTitle=(Óƥèřáƭïôñƨ) selectorPropsList=([object Object],[object Object]) /]"`;
