// Jest Snapshot v1, https://goo.gl/fbAQLP

exports[`<Home /> renders without exploding 1`] = `
<main
  id="home"
>
  <div
    className="Home__Filters"
  >
    <div
      className="EmployerListSearch__Container"
    >
      <div
        className="EmployerListSearch__InputContainer"
      >
        <i
          className="material-icons"
        >
          search
        </i>
        <input
          onInput={[Function]}
          type="search"
        />
        <button
          className="EmployerListSearch__ExpandFilters"
          onClick={[Function]}
        >
          <i
            className="material-icons"
          >
            expand_more
          </i>
        </button>
      </div>
    </div>
  </div>
  <div
    className="Home__Content"
  >
    <div
      className="EmployerList__Container--Loading"
    />
  </div>
</main>
`;
