// Jest Snapshot v1, https://goo.gl/fbAQLP

exports[`<Home /> renders without exploding 1`] = `
<main
  id="home"
>
  <div
    className="Home__Filters"
  >
    [component: EmployerListSearch onChange=([Function]) /]
  </div>
  <div
    className="Home__Content"
  >
    [component: EmployerList searchFilter=([object Object]) /]
  </div>
</main>
`;
