// Jest Snapshot v1, https://goo.gl/fbAQLP

exports[`<EmployerCitation /> renders without exploding 1`] = `
<div
  className="EmployerCitation__Container"
>
  <i
    className="material-icons EmployerCitation__Indicator EmployerCitation__Indicator--Neutral"
  >
    error_outline
  </i>
  <div
    className="EmployerCitation__Summary"
  >
    <span
      className="EmployerCitation__References"
    >
      <span
        title="λèářƨá¥"
      >
        <i
          className="material-icons"
        >
          hearing
        </i>
      </span>
    </span>
  </div>
</div>
`;
