// Jest Snapshot v1, https://goo.gl/fbAQLP

exports[`<EmployerListPage /> renders without exploding 1`] = `
<main
  id="employer-list"
>
  <div
    className="EmployerListPage__Filters"
  >
    [component: EmployerListSearch /]
  </div>
  <div
    className="EmployerListPage__Container"
  >
    <div
      className="EmployerListPage__Content"
    >
      [component: EmployerList /]
    </div>
  </div>
</main>
`;
