// Jest Snapshot v1, https://goo.gl/fbAQLP

exports[`<EmployerDetailsHeader /> renders without exploding 1`] = `
Array [
  <div
    className="EmployerDetailsHeader__Title EmployerDetailsHeader__Title--noShort"
  >
    <h2>
      <a
        onClick={[Function]}
        title=""
      >
        
      </a>
    </h2>
    <span
      className="EmployerDetailsHeader__Rating EmployerDetailsHeader__Rating--fair"
      title="rating string"
    >
      fair string
      <i
        className="material-icons EmployerDetailsHeader__RatingIcon"
      >
        trending_flat
      </i>
    </span>
  </div>,
  <div
    className="EmployerDetailsHeader__Subtitle"
  >
    <span
      className="EmployerDetailsHeader__AggregateRatings"
    >
      <span
        className="EmployerDetailsHeader__GoodRatings"
      >
        <i
          className="material-icons"
        >
          add
        </i>
        0
      </span>
      <span
        className="EmployerDetailsHeader__PoorRatings"
      >
        <i
          className="material-icons"
        >
          remove
        </i>
        0
      </span>
    </span>
  </div>,
]
`;
