// Jest Snapshot v1, https://goo.gl/fbAQLP

exports[`<EmployerPageDetails /> renders without exploding 1`] = `
<div
  className="EmployerPageDetails__Container"
>
  <div
    className="EmployerDetailsHeader__Title EmployerDetailsHeader__Title--noShort"
  >
    <h2>
      
    </h2>
    <span
      className="EmployerDetailsHeader__Rating EmployerDetailsHeader__Rating--fair"
      title="rating string"
    >
      fair string
      <i
        className="material-icons EmployerDetailsHeader__RatingIcon"
      >
        trending_flat
      </i>
    </span>
  </div>
  <div
    className="EmployerDetailsHeader__Subtitle"
  >
    <span
      className="EmployerDetailsHeader__AggregateRatings"
    >
      <span
        className="EmployerDetailsHeader__GoodRatings"
      >
        <i
          className="material-icons"
        >
          add
        </i>
        0
      </span>
      <span
        className="EmployerDetailsHeader__PoorRatings"
      >
        <i
          className="material-icons"
        >
          remove
        </i>
        0
      </span>
    </span>
  </div>
  <div
    className="EmployerPageDetails__Body"
  >
    <div
      className="EmployerPageDetails__Summary"
    >
      
    </div>
  </div>
</div>
`;
