// Jest Snapshot v1, https://goo.gl/fbAQLP

exports[`<EmployerPageDetails /> renders without exploding 1`] = `
<div
  className="EmployerPageDetails__Container"
>
  [component: EmployerDetailsHeader employer=([object Object]) /]
  <div
    className="EmployerPageDetails__Body"
  >
    <div
      className="EmployerPageDetails__Summary"
    >
      
    </div>
  </div>
</div>
`;
