// Jest Snapshot v1, https://goo.gl/fbAQLP

exports[`<EmployerListDetails /> renders without exploding 1`] = `
<div
  className="EmployerListDetails__Container EmployerListDetails__Rating--fair"
>
  [component: EmployerDetailsHeader employer=([object Object]) onClickEmployerName=(() → { }) useShortText=(true) /]
  <div
    className="EmployerListDetails__Summary"
    onClick={[Function]}
  >
    
    <div
      className="EmployerListDetails__OverflowScreen"
    />
  </div>
  <div
    className="EmployerListDetails__Actions"
  >
    <a
      className="EmployerActionLinks__Link"
      href="https://github.com/ekumlin/covid-employer-response/blob/master/public/employers/.yml"
      target="_blank"
      title="edit string"
    >
      <i
        className="material-icons"
      >
        edit
      </i>
    </a>
    <a
      className="EmployerListDetails__ReadMore"
      onClick={[Function]}
    >
      řèáδMôřè
      <i
        className="material-icons"
      >
        fullscreen
      </i>
    </a>
  </div>
</div>
`;
