// Jest Snapshot v1, https://goo.gl/fbAQLP

exports[`<BackToTopButton /> renders without exploding 1`] = `null`;

exports[`<BackToTopButton /> shows button when scrolled down 1`] = `
<button
  className="BackToTopButton__Link"
  onClick={[Function]}
  title="βáçƙTôTôƥ"
>
  <i
    className="material-icons"
  >
    arrow_upward
  </i>
</button>
`;
