// Jest Snapshot v1, https://goo.gl/fbAQLP

exports[`<EmployerListSearch /> renders without exploding 1`] = `
<div
  className="EmployerListSearch__Container"
>
  <div
    className="EmployerListSearch__InputContainer"
  >
    <div
      className="EmployerListSearch__Input"
    >
      <i
        className="material-icons"
      >
        search
      </i>
      <input
        onInput={[Function]}
        placeholder="ƨèářçλ"
        type="search"
      />
    </div>
    <button
      className="EmployerListSearch__ExpandFilters EmployerListSearch__ExpandFilters--Closed"
      onClick={[Function]}
    >
      <i
        className="material-icons"
      >
        filter_list
      </i>
    </button>
  </div>
</div>
`;
