// Jest Snapshot v1, https://goo.gl/fbAQLP

exports[`<Overload /> renders without exploding 1`] = `
<div
  className="Overload__Container"
  style={
    Object {
      "background": "#fff",
      "bottom": 0,
      "left": 0,
      "position": "fixed",
      "right": 0,
      "top": 0,
      "transition": "0.3s opacity ease-in-out",
      "zIndex": 999,
    }
  }
/>
`;
