// Jest Snapshot v1, https://goo.gl/fbAQLP

exports[`<HomePage /> renders without exploding 1`] = `
<main
  id="home"
>
  <section
    className="HomePage__Row HomePage__Row--Alt HomePage__Primer"
  >
    <div>
      <div
        className="HomePage__PreTitle"
      >
        Welcome to
      </div>
      <h1>
        Çè₥ƥřèƨ
      </h1>
      <h2
        className="HomePage__Subtitle--Loading"
      >
        Â ƒřèè, ôƥèñ-δáƭá çôℓℓèçƭïôñ ôñ 
        <a
          href="/è₥ƥℓô¥èřƨ"
        >
          0 è₥ƥℓô¥èřƨ
        </a>
         (áñδ ϱřôωïñϱ) áñδ λôω ƭλè¥'Ʋè řèáçƭèδ ƭô ƭλè ÇÓVÌÐ-19 çřïƨïƨ.
      </h2>
    </div>
  </section>
  <section
    className="HomePage__Row"
  >
    <div>
      <div
        className="HomePage__InfoBlock HomePage__TileBlock"
      >
        <h3>
          Wλáƭ çáñ Ì ℓèářñ?
        </h3>
        <p>
          Éáçλ çářδ ƨλôωƨ ¥ôú βřïèƒℓ¥ 
          <strong>
            ωλô
          </strong>
           ƭλè è₥ƥℓô¥èř ïƨ, á 
          <strong>
            řáƭïñϱ
          </strong>
           ôƒ ƭλèïř ϱèñèřáℓ řèƨƥôñƨè, áñδ á 
          <strong>
            ƨú₥₥ář¥
          </strong>
           áβôúƭ ƭλè áçƭïôñƨ ƭλè¥'Ʋè ƭáƙèñ. Ýôú çáñ áℓƨô ôƥèñ úƥ á ₥ôřè δèƭáïℓèδ Ʋïèω ƭô ƒïñδ 
          <strong>
            çïƭèδ ñèωƨ ářƭïçℓèƨ
          </strong>
          , ôř çℓïçƙ Ʋářïôúƨ 
          <strong>
            ℓïñƙƨ
          </strong>
           ƭô ϱô ôñ Wïƙïƥèδïá, ôř ƨèè ƭλè è₥ƥℓô¥èř'ƨ ôƒƒïçïáℓ ωèβƨïƭè.
        </p>
      </div>
      <div
        className="HomePage__Spacer"
      />
      <div
        className="HomePage__SampleCard HomePage__TileBlock"
      />
    </div>
  </section>
  <section
    className="HomePage__Row HomePage__Links"
  >
    <a
      className="App__BigButton"
      href="/employers"
      onClick={[Function]}
    >
      Táƙè ₥è ƭô ƭλè ℓïƨƭ!
    </a>
  </section>
  <section
    className="HomePage__Row HomePage__Row--Alt HomePage__Row--Reverse HomePage__Submit"
  >
    <div>
      <div
        className="HomePage__TileBlock"
      >
        <img
          src="/images/google-form.png"
        />
      </div>
      <div
        className="HomePage__Spacer"
      />
      <div
        className="HomePage__InfoBlock HomePage__TileBlock"
      >
        <h3>
          Çáñ Ì áδδ ñèω ïñƒô?
        </h3>
        <p>
          Ýèƨ! Tλè èáƨïèƨƭ ωá¥ ƭô ƨúβ₥ïƭ ñèω ïñƒôř₥áƭïôñ ïƨ β¥ ƒôℓℓôωïñϱ ƭλè ℓïñƙ βèℓôω ƭô ôúř ƨúβ₥ïƨƨïôñ ƒôř₥. Tô ℓèářñ ₥ôřè áβôúƭ ƭλïƨ ôř ôƭλèř ωá¥ƨ ƭô çôñƭřïβúƭè, ƥℓèáƨè çλèçƙ ôúƭ 
          <a
            href="/ƨúβ₥ïƭ"
          >
            ôúř ƨúβ₥ïƨƨïôñƨ ƥáϱè
          </a>
          .
        </p>
      </div>
    </div>
  </section>
  <section
    className="HomePage__Row HomePage__Row--Alt HomePage__Links"
  >
    <a
      className="App__BigButton"
      href="https://forms.gle/EEcp88X6sf1ocfuH8"
      rel="noopener noreferrer"
      target="_blank"
    >
      Óƥèñ ƭλè ƒôř₥!
    </a>
  </section>
</main>
`;
