// Jest Snapshot v1, https://goo.gl/fbAQLP

exports[`<HomePage /> renders without exploding 1`] = `
<main
  id="home"
>
  <section
    className="HomePage__Row HomePage__Row--Alt HomePage__Primer"
  >
    <div>
      <div
        className="HomePage__PreTitle"
      >
        Welcome to
      </div>
      <h1>
        áƥƥ
      </h1>
      <h2
        className="HomePage__Subtitle--Loading"
      >
        λô₥è§úβƭïƭℓèTèжƭ
      </h2>
    </div>
  </section>
  <section
    className="HomePage__Row"
  >
    <div>
      <div
        className="HomePage__InfoBlock HomePage__TileBlock"
      >
        <h3>
          λô₥è§á₥ƥℓèTïƭℓè
        </h3>
        <p>
          λô₥è§á₥ƥℓèÐèƨçřïƥƭïôñ
        </p>
      </div>
      <div
        className="HomePage__Spacer"
      />
      <div
        className="HomePage__SampleCard HomePage__TileBlock"
      />
    </div>
  </section>
  <section
    className="HomePage__Row HomePage__Links"
  >
    <a
      className="App__BigButton"
      href="/employers"
      onClick={[Function]}
    >
      λô₥è£ïƨƭ£ïñƙ
    </a>
  </section>
  <section
    className="HomePage__Row HomePage__Row--Alt HomePage__Row--Reverse HomePage__Submit"
  >
    <div>
      <div
        className="HomePage__TileBlock"
      >
        <img
          src="/images/google-form.png"
        />
      </div>
      <div
        className="HomePage__Spacer"
      />
      <div
        className="HomePage__InfoBlock HomePage__TileBlock"
      >
        <h3>
          λô₥è§úβ₥ïƭTïƭℓè
        </h3>
        <p>
          λô₥è§úβ₥ïƭÐèƨçřïƥƭïôñ
        </p>
      </div>
    </div>
  </section>
  <section
    className="HomePage__Row HomePage__Row--Alt HomePage__Links"
  >
    <a
      className="App__BigButton"
      href="https://forms.gle/EEcp88X6sf1ocfuH8"
      rel="noopener noreferrer"
      target="_blank"
    >
      λô₥èFôř₥£ïñƙ
    </a>
  </section>
</main>
`;
