// Jest Snapshot v1, https://goo.gl/fbAQLP

exports[`<HomePage /> renders without exploding 1`] = `
<main
  id="home"
>
  <section
    className="HomePage__Primer"
  >
    <div>
      <div
        className="HomePage__PreTitle"
      >
        Welcome to
      </div>
      <h1>
        áƥƥ
      </h1>
      <h2
        className="HomePage__Subtitle--Loading"
      >
        A free, open-data collection on
        <a
          href="/employers"
          onClick={[Function]}
        >
          <strong>
            0
          </strong>
           employers
        </a>
        (and growing) and how they've reacted to the COVID-19 crisis.
      </h2>
    </div>
  </section>
  <section
    className="HomePage__Sample"
  >
    <div
      className="HomePage__SampleInfo"
    >
      <h3>
        What can I learn?
      </h3>
      <p>
        Each card shows you briefly 
        <strong>
          who
        </strong>
         the employer is, a 
        <strong>
          rating
        </strong>
         of their general response, and a 
        <strong>
          summary
        </strong>
         about the actions they've taken. You can also open up a more detailed view to find 
        <strong>
          cited news articles
        </strong>
        , or click various 
        <strong>
          links
        </strong>
         to go on Wikipedia, or see the employer's official website.
      </p>
    </div>
    <div
      className="HomePage__SampleSpacer"
    />
    <div
      className="HomePage__SampleCard"
    />
  </section>
  <section
    className="HomePage__Links"
  >
    <a
      href="/employers"
      onClick={[Function]}
    >
      Take me to the list!
    </a>
  </section>
</main>
`;
