// Jest Snapshot v1, https://goo.gl/fbAQLP

exports[`<EmployerListSearchFiltersPopup /> renders without exploding 1`] = `
Array [
  <div
    className="EmployerListSearchFiltersPopup__Container"
  >
    <h3>
      locationDefault string
    </h3>
  </div>,
  <div
    className="EmployerListSearchFiltersPopup__Overlay"
    onClick={[Function]}
  />,
]
`;
